
メモリ設定

名前           原点             長さ             属性
*default*        0x00000000         0xffffffff

リンカスクリプトおよびメモリマップ

                0x00000000                . = 0x0

.vector         0x00000000      0x100
                0x00000000        0x4 LONG 0x1
                0x00000004        0x4 LONG 0x100 ABSOLUTE (BayaMain)
                0x000000fc                . = 0xfc
 *fill*         0x00000008       0xf4 
                0x000000fc        0x1 BYTE 0x42
                0x000000fd        0x1 BYTE 0x41
                0x000000fe        0x1 BYTE 0x59
                0x000000ff        0x1 BYTE 0x41
                0x00000100                . = 0x100

.text           0x00000100      0x4db
                0x00000100                _text_start = .
 *(.text)
 .text          0x00000100       0xda main.o
                0x00000100                BayaMain
 .text          0x000001da      0x196 ../api.o
                0x000001da                api_print
                0x0000021a                api_draw
                0x00000248                api_clear
                0x00000276                api_addEvent
                0x000002ba                api_peekEventQueue
                0x000002ee                api_waitEventQueue
                0x00000322                api_createWindow
 .text          0x00000370      0x26b ../lib/string.o
                0x00000370                strcls
                0x00000390                int2hex
                0x000003f0                figure
                0x00000450                int2dec
                0x00000500                sprintf
                0x000005db                _text_end = .

.rodata         0x000005db        0x0
                0x000005db                _rodata_start = .
 *(.rodata)
                0x000005db                _rodata_end = .

.eh_frame       0x000005dc      0x254
 .eh_frame      0x000005dc       0x44 main.o
 .eh_frame      0x00000620      0x114 ../api.o
 .eh_frame      0x00000734       0xfc ../lib/string.o

.data           0x00000830        0x0
                0x00000830                _data_start = .
 *(.data)
 .data          0x00000830        0x0 main.o
 .data          0x00000830        0x0 ../api.o
 .data          0x00000830        0x0 ../lib/string.o
                0x00000830                _data_end = .

.bss            0x00000830        0x0
                0x00000830                _bss_start = .
 *(.bss)
 .bss           0x00000830        0x0 main.o
 .bss           0x00000830        0x0 ../api.o
 .bss           0x00000830        0x0 ../lib/string.o
                0x00000830                _bss_end = .
LOAD main.o
LOAD ../api.o
LOAD ../lib/string.o
OUTPUT(test binary)

.comment        0x00000000       0x36
 .comment       0x00000000       0x12 main.o
 .comment       0x00000012       0x12 ../api.o
 .comment       0x00000024       0x12 ../lib/string.o

.note.GNU-stack
                0x00000000        0x0
 .note.GNU-stack
                0x00000000        0x0 main.o
 .note.GNU-stack
                0x00000000        0x0 ../api.o
 .note.GNU-stack
                0x00000000        0x0 ../lib/string.o
